Determining size of int16_t passed with the following output:
Change Dir: '/home/mihailo-sb/CLionProjects/Troll/cmake-build-web/CMakeFiles/CMakeTmp'

Run Build Command(s): /usr/bin/cmake -E env VERBOSE=1 /usr/bin/gmake -f Makefile cmTC_93448/fast
/usr/bin/gmake  -f CMakeFiles/cmTC_93448.dir/build.make CMakeFiles/cmTC_93448.dir/build
gmake[1]: Entering directory '/home/mihailo-sb/CLionProjects/Troll/cmake-build-web/CMakeFiles/CMakeTmp'
Building C object CMakeFiles/cmTC_93448.dir/INT16_SIZE.c.o
/home/mihailo-sb/emsdk/upstream/emscripten/emcc    -MD -MT CMakeFiles/cmTC_93448.dir/INT16_SIZE.c.o -MF CMakeFiles/cmTC_93448.dir/INT16_SIZE.c.o.d -o CMakeFiles/cmTC_93448.dir/INT16_SIZE.c.o -c /home/mihailo-sb/CLionProjects/Troll/cmake-build-web/CMakeFiles/CheckTypeSize/INT16_SIZE.c
Linking C executable cmTC_93448.js
/usr/bin/cmake -E cmake_link_script CMakeFiles/cmTC_93448.dir/link.txt --verbose=1
/home/mihailo-sb/emsdk/upstream/emscripten/emcc CMakeFiles/cmTC_93448.dir/INT16_SIZE.c.o -o cmTC_93448.js  --oformat=wasm -sWASM=1 
gmake[1]: Leaving directory '/home/mihailo-sb/CLionProjects/Troll/cmake-build-web/CMakeFiles/CMakeTmp'



Determining size of uint16_t passed with the following output:
Change Dir: '/home/mihailo-sb/CLionProjects/Troll/cmake-build-web/CMakeFiles/CMakeTmp'

Run Build Command(s): /usr/bin/cmake -E env VERBOSE=1 /usr/bin/gmake -f Makefile cmTC_85c73/fast
/usr/bin/gmake  -f CMakeFiles/cmTC_85c73.dir/build.make CMakeFiles/cmTC_85c73.dir/build
gmake[1]: Entering directory '/home/mihailo-sb/CLionProjects/Troll/cmake-build-web/CMakeFiles/CMakeTmp'
Building C object CMakeFiles/cmTC_85c73.dir/UINT16_SIZE.c.o
/home/mihailo-sb/emsdk/upstream/emscripten/emcc    -MD -MT CMakeFiles/cmTC_85c73.dir/UINT16_SIZE.c.o -MF CMakeFiles/cmTC_85c73.dir/UINT16_SIZE.c.o.d -o CMakeFiles/cmTC_85c73.dir/UINT16_SIZE.c.o -c /home/mihailo-sb/CLionProjects/Troll/cmake-build-web/CMakeFiles/CheckTypeSize/UINT16_SIZE.c
Linking C executable cmTC_85c73.js
/usr/bin/cmake -E cmake_link_script CMakeFiles/cmTC_85c73.dir/link.txt --verbose=1
/home/mihailo-sb/emsdk/upstream/emscripten/emcc CMakeFiles/cmTC_85c73.dir/UINT16_SIZE.c.o -o cmTC_85c73.js  --oformat=wasm -sWASM=1 
gmake[1]: Leaving directory '/home/mihailo-sb/CLionProjects/Troll/cmake-build-web/CMakeFiles/CMakeTmp'



Determining size of u_int16_t passed with the following output:
Change Dir: '/home/mihailo-sb/CLionProjects/Troll/cmake-build-web/CMakeFiles/CMakeTmp'

Run Build Command(s): /usr/bin/cmake -E env VERBOSE=1 /usr/bin/gmake -f Makefile cmTC_9b0ca/fast
/usr/bin/gmake  -f CMakeFiles/cmTC_9b0ca.dir/build.make CMakeFiles/cmTC_9b0ca.dir/build
gmake[1]: Entering directory '/home/mihailo-sb/CLionProjects/Troll/cmake-build-web/CMakeFiles/CMakeTmp'
Building C object CMakeFiles/cmTC_9b0ca.dir/U_INT16_SIZE.c.o
/home/mihailo-sb/emsdk/upstream/emscripten/emcc    -MD -MT CMakeFiles/cmTC_9b0ca.dir/U_INT16_SIZE.c.o -MF CMakeFiles/cmTC_9b0ca.dir/U_INT16_SIZE.c.o.d -o CMakeFiles/cmTC_9b0ca.dir/U_INT16_SIZE.c.o -c /home/mihailo-sb/CLionProjects/Troll/cmake-build-web/CMakeFiles/CheckTypeSize/U_INT16_SIZE.c
Linking C executable cmTC_9b0ca.js
/usr/bin/cmake -E cmake_link_script CMakeFiles/cmTC_9b0ca.dir/link.txt --verbose=1
/home/mihailo-sb/emsdk/upstream/emscripten/emcc CMakeFiles/cmTC_9b0ca.dir/U_INT16_SIZE.c.o -o cmTC_9b0ca.js  --oformat=wasm -sWASM=1 
gmake[1]: Leaving directory '/home/mihailo-sb/CLionProjects/Troll/cmake-build-web/CMakeFiles/CMakeTmp'



Determining size of int32_t passed with the following output:
Change Dir: '/home/mihailo-sb/CLionProjects/Troll/cmake-build-web/CMakeFiles/CMakeTmp'

Run Build Command(s): /usr/bin/cmake -E env VERBOSE=1 /usr/bin/gmake -f Makefile cmTC_206e3/fast
/usr/bin/gmake  -f CMakeFiles/cmTC_206e3.dir/build.make CMakeFiles/cmTC_206e3.dir/build
gmake[1]: Entering directory '/home/mihailo-sb/CLionProjects/Troll/cmake-build-web/CMakeFiles/CMakeTmp'
Building C object CMakeFiles/cmTC_206e3.dir/INT32_SIZE.c.o
/home/mihailo-sb/emsdk/upstream/emscripten/emcc    -MD -MT CMakeFiles/cmTC_206e3.dir/INT32_SIZE.c.o -MF CMakeFiles/cmTC_206e3.dir/INT32_SIZE.c.o.d -o CMakeFiles/cmTC_206e3.dir/INT32_SIZE.c.o -c /home/mihailo-sb/CLionProjects/Troll/cmake-build-web/CMakeFiles/CheckTypeSize/INT32_SIZE.c
Linking C executable cmTC_206e3.js
/usr/bin/cmake -E cmake_link_script CMakeFiles/cmTC_206e3.dir/link.txt --verbose=1
/home/mihailo-sb/emsdk/upstream/emscripten/emcc CMakeFiles/cmTC_206e3.dir/INT32_SIZE.c.o -o cmTC_206e3.js  --oformat=wasm -sWASM=1 
gmake[1]: Leaving directory '/home/mihailo-sb/CLionProjects/Troll/cmake-build-web/CMakeFiles/CMakeTmp'



Determining size of uint32_t passed with the following output:
Change Dir: '/home/mihailo-sb/CLionProjects/Troll/cmake-build-web/CMakeFiles/CMakeTmp'

Run Build Command(s): /usr/bin/cmake -E env VERBOSE=1 /usr/bin/gmake -f Makefile cmTC_db6d3/fast
/usr/bin/gmake  -f CMakeFiles/cmTC_db6d3.dir/build.make CMakeFiles/cmTC_db6d3.dir/build
gmake[1]: Entering directory '/home/mihailo-sb/CLionProjects/Troll/cmake-build-web/CMakeFiles/CMakeTmp'
Building C object CMakeFiles/cmTC_db6d3.dir/UINT32_SIZE.c.o
/home/mihailo-sb/emsdk/upstream/emscripten/emcc    -MD -MT CMakeFiles/cmTC_db6d3.dir/UINT32_SIZE.c.o -MF CMakeFiles/cmTC_db6d3.dir/UINT32_SIZE.c.o.d -o CMakeFiles/cmTC_db6d3.dir/UINT32_SIZE.c.o -c /home/mihailo-sb/CLionProjects/Troll/cmake-build-web/CMakeFiles/CheckTypeSize/UINT32_SIZE.c
Linking C executable cmTC_db6d3.js
/usr/bin/cmake -E cmake_link_script CMakeFiles/cmTC_db6d3.dir/link.txt --verbose=1
/home/mihailo-sb/emsdk/upstream/emscripten/emcc CMakeFiles/cmTC_db6d3.dir/UINT32_SIZE.c.o -o cmTC_db6d3.js  --oformat=wasm -sWASM=1 
gmake[1]: Leaving directory '/home/mihailo-sb/CLionProjects/Troll/cmake-build-web/CMakeFiles/CMakeTmp'



Determining size of u_int32_t passed with the following output:
Change Dir: '/home/mihailo-sb/CLionProjects/Troll/cmake-build-web/CMakeFiles/CMakeTmp'

Run Build Command(s): /usr/bin/cmake -E env VERBOSE=1 /usr/bin/gmake -f Makefile cmTC_9f8eb/fast
/usr/bin/gmake  -f CMakeFiles/cmTC_9f8eb.dir/build.make CMakeFiles/cmTC_9f8eb.dir/build
gmake[1]: Entering directory '/home/mihailo-sb/CLionProjects/Troll/cmake-build-web/CMakeFiles/CMakeTmp'
Building C object CMakeFiles/cmTC_9f8eb.dir/U_INT32_SIZE.c.o
/home/mihailo-sb/emsdk/upstream/emscripten/emcc    -MD -MT CMakeFiles/cmTC_9f8eb.dir/U_INT32_SIZE.c.o -MF CMakeFiles/cmTC_9f8eb.dir/U_INT32_SIZE.c.o.d -o CMakeFiles/cmTC_9f8eb.dir/U_INT32_SIZE.c.o -c /home/mihailo-sb/CLionProjects/Troll/cmake-build-web/CMakeFiles/CheckTypeSize/U_INT32_SIZE.c
Linking C executable cmTC_9f8eb.js
/usr/bin/cmake -E cmake_link_script CMakeFiles/cmTC_9f8eb.dir/link.txt --verbose=1
/home/mihailo-sb/emsdk/upstream/emscripten/emcc CMakeFiles/cmTC_9f8eb.dir/U_INT32_SIZE.c.o -o cmTC_9f8eb.js  --oformat=wasm -sWASM=1 
gmake[1]: Leaving directory '/home/mihailo-sb/CLionProjects/Troll/cmake-build-web/CMakeFiles/CMakeTmp'



Determining size of int64_t passed with the following output:
Change Dir: '/home/mihailo-sb/CLionProjects/Troll/cmake-build-web/CMakeFiles/CMakeTmp'

Run Build Command(s): /usr/bin/cmake -E env VERBOSE=1 /usr/bin/gmake -f Makefile cmTC_c2b80/fast
/usr/bin/gmake  -f CMakeFiles/cmTC_c2b80.dir/build.make CMakeFiles/cmTC_c2b80.dir/build
gmake[1]: Entering directory '/home/mihailo-sb/CLionProjects/Troll/cmake-build-web/CMakeFiles/CMakeTmp'
Building C object CMakeFiles/cmTC_c2b80.dir/INT64_SIZE.c.o
/home/mihailo-sb/emsdk/upstream/emscripten/emcc    -MD -MT CMakeFiles/cmTC_c2b80.dir/INT64_SIZE.c.o -MF CMakeFiles/cmTC_c2b80.dir/INT64_SIZE.c.o.d -o CMakeFiles/cmTC_c2b80.dir/INT64_SIZE.c.o -c /home/mihailo-sb/CLionProjects/Troll/cmake-build-web/CMakeFiles/CheckTypeSize/INT64_SIZE.c
Linking C executable cmTC_c2b80.js
/usr/bin/cmake -E cmake_link_script CMakeFiles/cmTC_c2b80.dir/link.txt --verbose=1
/home/mihailo-sb/emsdk/upstream/emscripten/emcc CMakeFiles/cmTC_c2b80.dir/INT64_SIZE.c.o -o cmTC_c2b80.js  --oformat=wasm -sWASM=1 
gmake[1]: Leaving directory '/home/mihailo-sb/CLionProjects/Troll/cmake-build-web/CMakeFiles/CMakeTmp'



Determining size of short passed with the following output:
Change Dir: '/home/mihailo-sb/CLionProjects/Troll/cmake-build-web/CMakeFiles/CMakeTmp'

Run Build Command(s): /usr/bin/cmake -E env VERBOSE=1 /usr/bin/gmake -f Makefile cmTC_0710a/fast
/usr/bin/gmake  -f CMakeFiles/cmTC_0710a.dir/build.make CMakeFiles/cmTC_0710a.dir/build
gmake[1]: Entering directory '/home/mihailo-sb/CLionProjects/Troll/cmake-build-web/CMakeFiles/CMakeTmp'
Building C object CMakeFiles/cmTC_0710a.dir/SHORT_SIZE.c.o
/home/mihailo-sb/emsdk/upstream/emscripten/emcc    -MD -MT CMakeFiles/cmTC_0710a.dir/SHORT_SIZE.c.o -MF CMakeFiles/cmTC_0710a.dir/SHORT_SIZE.c.o.d -o CMakeFiles/cmTC_0710a.dir/SHORT_SIZE.c.o -c /home/mihailo-sb/CLionProjects/Troll/cmake-build-web/CMakeFiles/CheckTypeSize/SHORT_SIZE.c
Linking C executable cmTC_0710a.js
/usr/bin/cmake -E cmake_link_script CMakeFiles/cmTC_0710a.dir/link.txt --verbose=1
/home/mihailo-sb/emsdk/upstream/emscripten/emcc CMakeFiles/cmTC_0710a.dir/SHORT_SIZE.c.o -o cmTC_0710a.js  --oformat=wasm -sWASM=1 
gmake[1]: Leaving directory '/home/mihailo-sb/CLionProjects/Troll/cmake-build-web/CMakeFiles/CMakeTmp'



Determining size of int passed with the following output:
Change Dir: '/home/mihailo-sb/CLionProjects/Troll/cmake-build-web/CMakeFiles/CMakeTmp'

Run Build Command(s): /usr/bin/cmake -E env VERBOSE=1 /usr/bin/gmake -f Makefile cmTC_a5d31/fast
/usr/bin/gmake  -f CMakeFiles/cmTC_a5d31.dir/build.make CMakeFiles/cmTC_a5d31.dir/build
gmake[1]: Entering directory '/home/mihailo-sb/CLionProjects/Troll/cmake-build-web/CMakeFiles/CMakeTmp'
Building C object CMakeFiles/cmTC_a5d31.dir/INT_SIZE.c.o
/home/mihailo-sb/emsdk/upstream/emscripten/emcc    -MD -MT CMakeFiles/cmTC_a5d31.dir/INT_SIZE.c.o -MF CMakeFiles/cmTC_a5d31.dir/INT_SIZE.c.o.d -o CMakeFiles/cmTC_a5d31.dir/INT_SIZE.c.o -c /home/mihailo-sb/CLionProjects/Troll/cmake-build-web/CMakeFiles/CheckTypeSize/INT_SIZE.c
Linking C executable cmTC_a5d31.js
/usr/bin/cmake -E cmake_link_script CMakeFiles/cmTC_a5d31.dir/link.txt --verbose=1
/home/mihailo-sb/emsdk/upstream/emscripten/emcc CMakeFiles/cmTC_a5d31.dir/INT_SIZE.c.o -o cmTC_a5d31.js  --oformat=wasm -sWASM=1 
gmake[1]: Leaving directory '/home/mihailo-sb/CLionProjects/Troll/cmake-build-web/CMakeFiles/CMakeTmp'



Determining size of long passed with the following output:
Change Dir: '/home/mihailo-sb/CLionProjects/Troll/cmake-build-web/CMakeFiles/CMakeTmp'

Run Build Command(s): /usr/bin/cmake -E env VERBOSE=1 /usr/bin/gmake -f Makefile cmTC_2bd7f/fast
/usr/bin/gmake  -f CMakeFiles/cmTC_2bd7f.dir/build.make CMakeFiles/cmTC_2bd7f.dir/build
gmake[1]: Entering directory '/home/mihailo-sb/CLionProjects/Troll/cmake-build-web/CMakeFiles/CMakeTmp'
Building C object CMakeFiles/cmTC_2bd7f.dir/LONG_SIZE.c.o
/home/mihailo-sb/emsdk/upstream/emscripten/emcc    -MD -MT CMakeFiles/cmTC_2bd7f.dir/LONG_SIZE.c.o -MF CMakeFiles/cmTC_2bd7f.dir/LONG_SIZE.c.o.d -o CMakeFiles/cmTC_2bd7f.dir/LONG_SIZE.c.o -c /home/mihailo-sb/CLionProjects/Troll/cmake-build-web/CMakeFiles/CheckTypeSize/LONG_SIZE.c
Linking C executable cmTC_2bd7f.js
/usr/bin/cmake -E cmake_link_script CMakeFiles/cmTC_2bd7f.dir/link.txt --verbose=1
/home/mihailo-sb/emsdk/upstream/emscripten/emcc CMakeFiles/cmTC_2bd7f.dir/LONG_SIZE.c.o -o cmTC_2bd7f.js  --oformat=wasm -sWASM=1 
gmake[1]: Leaving directory '/home/mihailo-sb/CLionProjects/Troll/cmake-build-web/CMakeFiles/CMakeTmp'



Determining size of long long passed with the following output:
Change Dir: '/home/mihailo-sb/CLionProjects/Troll/cmake-build-web/CMakeFiles/CMakeTmp'

Run Build Command(s): /usr/bin/cmake -E env VERBOSE=1 /usr/bin/gmake -f Makefile cmTC_bcefa/fast
/usr/bin/gmake  -f CMakeFiles/cmTC_bcefa.dir/build.make CMakeFiles/cmTC_bcefa.dir/build
gmake[1]: Entering directory '/home/mihailo-sb/CLionProjects/Troll/cmake-build-web/CMakeFiles/CMakeTmp'
Building C object CMakeFiles/cmTC_bcefa.dir/LONG_LONG_SIZE.c.o
/home/mihailo-sb/emsdk/upstream/emscripten/emcc    -MD -MT CMakeFiles/cmTC_bcefa.dir/LONG_LONG_SIZE.c.o -MF CMakeFiles/cmTC_bcefa.dir/LONG_LONG_SIZE.c.o.d -o CMakeFiles/cmTC_bcefa.dir/LONG_LONG_SIZE.c.o -c /home/mihailo-sb/CLionProjects/Troll/cmake-build-web/CMakeFiles/CheckTypeSize/LONG_LONG_SIZE.c
Linking C executable cmTC_bcefa.js
/usr/bin/cmake -E cmake_link_script CMakeFiles/cmTC_bcefa.dir/link.txt --verbose=1
/home/mihailo-sb/emsdk/upstream/emscripten/emcc CMakeFiles/cmTC_bcefa.dir/LONG_LONG_SIZE.c.o -o cmTC_bcefa.js  --oformat=wasm -sWASM=1 
gmake[1]: Leaving directory '/home/mihailo-sb/CLionProjects/Troll/cmake-build-web/CMakeFiles/CMakeTmp'



